{
  "filters_used": [
    {
      "path": "detect_secrets.filters.allowlist.is_line_allowlisted"
    },
    {
      "min_level": 2,
      "path": "detect_secrets.filters.common.is_ignored_due_to_verification_policies"
    },
    {
      "path": "detect_secrets.filters.heuristic.is_indirect_reference"
    },
    {
      "path": "detect_secrets.filters.heuristic.is_likely_id_string"
    },
    {
      "path": "detect_secrets.filters.heuristic.is_lock_file"
    },
    {
      "path": "detect_secrets.filters.heuristic.is_not_alphanumeric_string"
    },
    {
      "path": "detect_secrets.filters.heuristic.is_potential_uuid"
    },
    {
      "path": "detect_secrets.filters.heuristic.is_prefixed_with_dollar_sign"
    },
    {
      "path": "detect_secrets.filters.heuristic.is_sequential_string"
    },
    {
      "path": "detect_secrets.filters.heuristic.is_swagger_file"
    },
    {
      "path": "detect_secrets.filters.heuristic.is_templated_secret"
    },
    {
      "path": "detect_secrets.filters.regex.should_exclude_file",
      "pattern": [
        "\\.venv/.*",
        "\\.git/.*",
        "node_modules/.*",
        "(^|/)logs/.*",
        ".*\\.log$",
        "\\.secrets\\.baseline$"
      ]
    }
  ],
  "generated_at": "2026-10-05T14:59:39Z",
  "plugins_used": [
    {
      "name": "ArtifactoryDetector"
    },
    {
      "name": "AWSKeyDetector"
    },
    {
      "name": "AzureStorageKeyDetector"
    },
    {
      "limit": 4.5,
      "name": "Base64HighEntropyString"
    },
    {
      "name": "BasicAuthDetector"
    },
    {
      "name": "CloudantDetector"
    },
    {
      "name": "DiscordBotTokenDetector"
    },
    {
      "name": "GitHubTokenDetector"
    },
    {
      "name": "GitLabTokenDetector"
    },
    {
      "limit": 3.0,
      "name": "HexHighEntropyString"
    },
    {
      "name": "IbmCloudIamDetector"
    },
    {
      "name": "IbmCosHmacDetector"
    },
    {
      "name": "IPPublicDetector"
    },
    {
      "name": "JwtTokenDetector"
    },
    {
      "keyword_exclude": "",
      "name": "KeywordDetector"
    },
    {
      "name": "MailchimpDetector"
    },
    {
      "name": "NpmDetector"
    },
    {
      "name": "OpenAIDetector"
    },
    {
      "name": "PrivateKeyDetector"
    },
    {
      "name": "PypiTokenDetector"
    },
    {
      "name": "SendGridDetector"
    },
    {
      "name": "SlackDetector"
    },
    {
      "name": "SoftlayerDetector"
    },
    {
      "name": "SquareOAuthDetector"
    },
    {
      "name": "StripeDetector"
    },
    {
      "name": "TelegramBotTokenDetector"
    },
    {
      "name": "TwilioKeyDetector"
    }
  ],
  "results": {
    ".agents/skills/alpaca-trading-paper-trading-mcp/SKILL.md": [
      {
        "filename": ".agents/skills/alpaca-trading-paper-trading-mcp/SKILL.md",
        "hashed_secret": "80509b540e583df59eff35b0e08a759550b068b9",
        "is_secret": false,
        "is_verified": false,
        "line_number": 62,
        "type": "Secret Keyword"
      },
      {
        "filename": ".agents/skills/alpaca-trading-paper-trading-mcp/SKILL.md",
        "hashed_secret": "65da15ee64338f1f8b748bf9cfd01d2960143724",
        "is_secret": false,
        "is_verified": false,
        "line_number": 63,
        "type": "Secret Keyword"
      }
    ],
    ".agents/skills/alpaca-trading-paper-trading-mcp/reference.md": [
      {
        "filename": ".agents/skills/alpaca-trading-paper-trading-mcp/reference.md",
        "hashed_secret": "8b8a2aa76e77fc36835dcc7d2b7032b20b08230c",
        "is_secret": false,
        "is_verified": false,
        "line_number": 16,
        "type": "Secret Keyword"
      }
    ],
    ".claude/skills/git-hygiene/SKILL.md": [
      {
        "filename": ".claude/skills/git-hygiene/SKILL.md",
        "hashed_secret": "54053db99b49b4cc046f7b4854a80de3d6dfae71",
        "is_secret": false,
        "is_verified": false,
        "line_number": 45,
        "type": "Secret Keyword"
      }
    ],
    ".claude/skills/security-audit/VULNERABILITIES.md": [
      {
        "filename": ".claude/skills/security-audit/VULNERABILITIES.md",
        "hashed_secret": "4ab673205faa0d982bc902b9ea31cb16382fa93b",
        "is_secret": false,
        "is_verified": false,
        "line_number": 80,
        "type": "Secret Keyword"
      }
    ],
    ".env.template": [
      {
        "filename": ".env.template",
        "hashed_secret": "5baa61e4c9b93f3f0682250b6cf8331b7ee68fd8",
        "is_secret": false,
        "is_verified": false,
        "line_number": 33,
        "type": "Basic Auth Credentials"
      },
      {
        "filename": ".env.template",
        "hashed_secret": "65cf8cd353cae2b48a8480cc49cd2e7dabb1bbb3",
        "is_secret": false,
        "is_verified": false,
        "line_number": 35,
        "type": "Basic Auth Credentials"
      }
    ],
    "app/config.py": [
      {
        "filename": "app/config.py",
        "hashed_secret": "5baa61e4c9b93f3f0682250b6cf8331b7ee68fd8",
        "is_secret": false,
        "is_verified": false,
        "line_number": 60,
        "type": "Basic Auth Credentials"
      }
    ],
    "readme.md": [
      {
        "filename": "readme.md",
        "hashed_secret": "5baa61e4c9b93f3f0682250b6cf8331b7ee68fd8",
        "is_secret": false,
        "is_verified": false,
        "line_number": 80,
        "type": "Basic Auth Credentials"
      },
      {
        "filename": "readme.md",
        "hashed_secret": "6bcef39c481b2c0f2b10ba3a167f0cfd1ff8690d",
        "is_secret": false,
        "is_verified": false,
        "line_number": 487,
        "type": "Secret Keyword"
      },
      {
        "filename": "readme.md",
        "hashed_secret": "6bcef39c481b2c0f2b10ba3a167f0cfd1ff8690d",
        "is_secret": false,
        "is_verified": false,
        "line_number": 493,
        "type": "Basic Auth Credentials"
      }
    ],
    "skills-lock.json": [
      {
        "filename": "skills-lock.json",
        "hashed_secret": "dad0e853f781d524f10a8395e2f89191e68236ca",
        "is_secret": false,
        "is_verified": false,
        "line_number": 8,
        "type": "Hex High Entropy String"
      },
      {
        "filename": "skills-lock.json",
        "hashed_secret": "cdd2de6c86645b21243bcbd1a05095e65072fb02",
        "is_secret": false,
        "is_verified": false,
        "line_number": 14,
        "type": "Hex High Entropy String"
      },
      {
        "filename": "skills-lock.json",
        "hashed_secret": "54686362b0887d812bf9d2e3c3c458001a91cae7",
        "is_secret": false,
        "is_verified": false,
        "line_number": 20,
        "type": "Hex High Entropy String"
      },
      {
        "filename": "skills-lock.json",
        "hashed_secret": "73016058c0104818248d17f318884a77dec5a71c",
        "is_secret": false,
        "is_verified": false,
        "line_number": 26,
        "type": "Hex High Entropy String"
      },
      {
        "filename": "skills-lock.json",
        "hashed_secret": "ad3c527ddcc2005ebc7cd0450ad7598257e77f3f",
        "is_secret": false,
        "is_verified": false,
        "line_number": 32,
        "type": "Hex High Entropy String"
      },
      {
        "filename": "skills-lock.json",
        "hashed_secret": "0d35b146b23126e52824fee504cb4f693ede61d5",
        "is_secret": false,
        "is_verified": false,
        "line_number": 38,
        "type": "Hex High Entropy String"
      },
      {
        "filename": "skills-lock.json",
        "hashed_secret": "74ac1ed16339a628c05e5a43a2a77f53ff339e3b",
        "is_secret": false,
        "is_verified": false,
        "line_number": 44,
        "type": "Hex High Entropy String"
      },
      {
        "filename": "skills-lock.json",
        "hashed_secret": "86f6a40e3348501d02849135eb383c31af22766a",
        "is_secret": false,
        "is_verified": false,
        "line_number": 50,
        "type": "Hex High Entropy String"
      },
      {
        "filename": "skills-lock.json",
        "hashed_secret": "a58200c777bcf69c24f693352ec98cd159f3e89f",
        "is_secret": false,
        "is_verified": false,
        "line_number": 56,
        "type": "Hex High Entropy String"
      },
      {
        "filename": "skills-lock.json",
        "hashed_secret": "18ce8c658a3cdc08c0a3b9256278854a4266e751",
        "is_secret": false,
        "is_verified": false,
        "line_number": 62,
        "type": "Hex High Entropy String"
      },
      {
        "filename": "skills-lock.json",
        "hashed_secret": "b8f6092c4d59c14c75b058d55bb52a77b958c2a9",
        "is_secret": false,
        "is_verified": false,
        "line_number": 68,
        "type": "Hex High Entropy String"
      },
      {
        "filename": "skills-lock.json",
        "hashed_secret": "9a442749d2c1252706f3d34c28811d5ee4a880ee",
        "is_secret": false,
        "is_verified": false,
        "line_number": 74,
        "type": "Hex High Entropy String"
      },
      {
        "filename": "skills-lock.json",
        "hashed_secret": "34a4f5e4145234489b002922ec120954fdc9b421",
        "is_secret": false,
        "is_verified": false,
        "line_number": 80,
        "type": "Hex High Entropy String"
      },
      {
        "filename": "skills-lock.json",
        "hashed_secret": "cf5db9688c589c4a326b45f8ddfab5e2a5c990f0",
        "is_secret": false,
        "is_verified": false,
        "line_number": 86,
        "type": "Hex High Entropy String"
      }
    ],
    "tests/test_config.py": [
      {
        "filename": "tests/test_config.py",
        "hashed_secret": "72cb70dbbafe97e5ea13ad88acd65d08389439b0",
        "is_secret": false,
        "is_verified": false,
        "line_number": 40,
        "type": "Secret Keyword"
      },
      {
        "filename": "tests/test_config.py",
        "hashed_secret": "2d6cd059721fa627c76eb42bee7f33244bdbccbc",
        "is_secret": false,
        "is_verified": false,
        "line_number": 82,
        "type": "Secret Keyword"
      },
      {
        "filename": "tests/test_config.py",
        "hashed_secret": "ae53c09c67b991dae813f3b7319d79361e770e36",
        "is_secret": false,
        "is_verified": false,
        "line_number": 97,
        "type": "Secret Keyword"
      },
      {
        "filename": "tests/test_config.py",
        "hashed_secret": "8ebb7e93ec900571b4b58dade6c85cca4a466806",
        "is_secret": false,
        "is_verified": false,
        "line_number": 184,
        "type": "Secret Keyword"
      }
    ],
    "tests/test_data_provider.py": [
      {
        "filename": "tests/test_data_provider.py",
        "hashed_secret": "00942f4668670f34c5943cf52c7ef3139fe2b8d6",
        "is_secret": false,
        "is_verified": false,
        "line_number": 28,
        "type": "Secret Keyword"
      },
      {
        "filename": "tests/test_data_provider.py",
        "hashed_secret": "72cb70dbbafe97e5ea13ad88acd65d08389439b0",
        "is_secret": false,
        "is_verified": false,
        "line_number": 29,
        "type": "Secret Keyword"
      }
    ],
    "tests/test_db_browser.py": [
      {
        "filename": "tests/test_db_browser.py",
        "hashed_secret": "206c80413b9a96c1312cc346b7d2517b84463edd",
        "is_secret": false,
        "is_verified": false,
        "line_number": 178,
        "type": "Secret Keyword"
      }
    ],
    "tests/test_health_server.py": [
      {
        "filename": "tests/test_health_server.py",
        "hashed_secret": "206c80413b9a96c1312cc346b7d2517b84463edd",
        "is_secret": false,
        "is_verified": false,
        "line_number": 124,
        "type": "Secret Keyword"
      }
    ]
  },
  "version": "1.5.0"
}